// Jest Snapshot v1, https://goo.gl/fbAQLP

exports[`Button should match snapshot 1`] = `
<View
  accessible={true}
  focusable={true}
  onClick={[Function]}
  onResponderGrant={[Function]}
  onResponderMove={[Function]}
  onResponderRelease={[Function]}
  onResponderTerminate={[Function]}
  onResponderTerminationRequest={[Function]}
  onStartShouldSetResponder={[Function]}
  style={
    Object {
      "alignItems": "center",
      "backgroundColor": "#FF4684",
      "borderRadius": 10,
      "elevation": 5,
      "padding": 15,
    }
  }
  testID="btn-test-id"
>
  <Text
    style={
      Object {
        "color": "#EDEDED",
        "letterSpacing": 1,
        "textTransform": "uppercase",
      }
    }
  >
    Test
  </Text>
</View>
`;
