// Jest Snapshot v1, https://goo.gl/fbAQLP

exports[`Heading should match snapshot 1`] = `
<Text
  style={
    Object {
      "color": "#3D3D3D",
      "fontSize": 18,
      "fontWeight": "bold",
      "textTransform": "uppercase",
    }
  }
  testID="heading-test-id"
>
  Title
</Text>
`;
